./gradlew bootJar --console=plain -q
docker compose -f deploy/docker-compose.yml build --quiet
 Image reto2/inyector Building 
 Image reto2/ventas Building 
 Image reto2/etapa Building 
 Image reto2/usuario-no-valido Building 
 Image reto2/receptor Building 
 Image reto2/receptor Building 
 Image reto2/receptor Building 
 Image reto2/etapa Building 
 Image reto2/etapa Building 
 Image reto2/receptor Building 
 Image reto2/monitor Building 
 Image reto2/onboarding Building 
 Image reto2/sesiones Building 
 Image reto2/sesiones Built 
 Image reto2/etapa Built 
 Image reto2/etapa Built 
 Image reto2/usuario-no-valido Built 
 Image reto2/receptor Built 
 Image reto2/onboarding Built 
 Image reto2/inyector Built 
 Image reto2/receptor Built 
 Image reto2/receptor Built 
 Image reto2/monitor Built 
 Image reto2/receptor Built 
 Image reto2/etapa Built 
 Image reto2/ventas Built 
docker compose -f deploy/docker-compose.yml up -d
 Container reto2-onboarding-1 Running 
 Container reto2-sesiones-1 Running 
 Container reto2-postgres-1 Running 
 Container reto2-grafana-1 Running 
 Container reto2-prometheus-1 Running 
 Container reto2-monitor-1 Running 
 Container reto2-usuario-no-valido-1 Running 
 Container reto2-ventas-1 Running 
 Container inyector Running 
 Container reto2-rabbitmq-1 Running 
 Container etapa-despacho Recreate 
 Container reto2-notificador-1 Recreate 
 Container etapa-facturacion Recreate 
 Container reto2-auditor-cola-1 Recreate 
 Container etapa-inventario Recreate 
 Container reto2-receptor-sms-1 Recreate 
 Container reto2-logistica-1 Recreate 
 Container reto2-receptor-sms-1 Recreated 
 Container etapa-facturacion Recreated 
 Container etapa-despacho Recreated 
 Container reto2-logistica-1 Recreated 
 Container etapa-inventario Recreated 
 Container reto2-notificador-1 Recreated 
 Container reto2-auditor-cola-1 Recreated 
 Container reto2-postgres-1 Waiting 
 Container reto2-postgres-1 Waiting 
 Container reto2-postgres-1 Waiting 
 Container reto2-postgres-1 Waiting 
 Container reto2-rabbitmq-1 Waiting 
 Container reto2-postgres-1 Waiting 
 Container reto2-postgres-1 Waiting 
 Container reto2-postgres-1 Waiting 
 Container reto2-postgres-1 Waiting 
 Container reto2-postgres-1 Waiting 
 Container reto2-postgres-1 Waiting 
 Container reto2-rabbitmq-1 Waiting 
 Container reto2-postgres-1 Waiting 
 Container reto2-postgres-1 Waiting 
 Container reto2-postgres-1 Healthy 
 Container reto2-logistica-1 Starting 
 Container reto2-postgres-1 Healthy 
 Container reto2-receptor-sms-1 Starting 
 Container reto2-postgres-1 Healthy 
 Container reto2-postgres-1 Healthy 
 Container etapa-facturacion Starting 
 Container reto2-postgres-1 Healthy 
 Container reto2-postgres-1 Healthy 
 Container reto2-rabbitmq-1 Healthy 
 Container reto2-auditor-cola-1 Starting 
 Container reto2-rabbitmq-1 Healthy 
 Container reto2-postgres-1 Healthy 
 Container reto2-postgres-1 Healthy 
 Container reto2-notificador-1 Starting 
 Container reto2-postgres-1 Healthy 
 Container reto2-postgres-1 Healthy 
 Container reto2-postgres-1 Healthy 
 Container reto2-postgres-1 Healthy 
 Container etapa-despacho Starting 
 Container etapa-inventario Starting 
 Container reto2-logistica-1 Started 
 Container reto2-receptor-sms-1 Started 
 Container etapa-facturacion Started 
 Container reto2-auditor-cola-1 Started 
 Container reto2-notificador-1 Started 
 Container etapa-despacho Started 
 Container etapa-inventario Started 
esperando a los micros.... listos
Grafana precalentado
Grafana http://localhost:3000 · Prometheus http://localhost:9090 · RabbitMQ http://localhost:15672 (reto2/reto2)
./load/experimento.sh e01 e02
[1m[18:12:35][0m resultados en analisis/resultados/ · resumen en analisis/resultados/resumen-20261007-181235.tsv
[1m[18:12:35][0m == e01-s1-20261007-181235 · E01 S1 · ¿Avisa en ≤ 2 s por cada sesión desde un dispositivo no registrado?
[1m[18:12:43][0m   calentamiento: 300 s
[1m[18:17:44][0m   fase S1 en k6
[1m[18:48:44][0m   gracia: 60 s para las salidas tardías
[1m[18:49:48][0m   veredicto en analisis/resultados/e01-s1-20261007-181235/veredicto.txt
      S1 · 50 intrusos con aviso en ≤ 2 s y con vendedor, dispositivo y hora |    50 |      50 |      0 | PASA
      S2 · ≤ 1 aviso por cada 100 cambios legítimos                          |     0 |       0 |      0 | NO APLICA
      S3 · 0 avisos en aperturas a menos de 1 s del registro                 |     0 |       0 |      0 | NO APLICA
      Todas · 0 avisos por sesiones desde el dispositivo registrado          |  3721 |    3721 |      0 | PASA
[1m[18:49:48][0m == e01-s2-20261007-181235 · E01 S2 · ¿Hay ≤ 1 aviso por cada 100 cambios legítimos?
[1m[18:49:56][0m   calentamiento: 300 s
[1m[18:54:57][0m   fase S2 en k6
[1m[19:16:57][0m   gracia: 60 s para las salidas tardías
[1m[19:18:01][0m   veredicto en analisis/resultados/e01-s2-20261007-181235/veredicto.txt
      S1 · 50 intrusos con aviso en ≤ 2 s y con vendedor, dispositivo y hora |     0 |       0 |      0 | NO APLICA
      S2 · ≤ 1 aviso por cada 100 cambios legítimos                          |   100 |     100 |      0 | PASA
      S3 · 0 avisos en aperturas a menos de 1 s del registro                 |     0 |       0 |      0 | NO APLICA
      Todas · 0 avisos por sesiones desde el dispositivo registrado          |  2641 |    2641 |      0 | PASA
[1m[19:18:01][0m == e01-s3-20261007-181235 · E01 S3 · ¿Ve el registro hecho menos de 1 s antes de abrir la sesión?
[1m[19:18:08][0m   calentamiento: 300 s
[1m[19:23:09][0m   fase S3 en k6
[1m[19:29:10][0m   gracia: 60 s para las salidas tardías
[1m[19:30:13][0m   veredicto en analisis/resultados/e01-s3-20261007-181235/veredicto.txt
      S1 · 50 intrusos con aviso en ≤ 2 s y con vendedor, dispositivo y hora |     0 |       0 |      0 | NO APLICA
      S2 · ≤ 1 aviso por cada 100 cambios legítimos                          |     0 |       0 |      0 | NO APLICA
      S3 · 0 avisos en aperturas a menos de 1 s del registro                 |    20 |      20 |      0 | PASA
      Todas · 0 avisos por sesiones desde el dispositivo registrado          |   720 |     720 |      0 | PASA
[1m[19:30:13][0m == e01-s4-20261007-181235 · E01 S4 · ¿A qué tasa de aperturas empieza a atrasarse el aviso?
[1m[19:30:21][0m   calentamiento: 300 s
[1m[19:35:21][0m   fase S4 en k6
[1m[20:05:25][0m   gracia: 60 s para las salidas tardías
[1m[20:06:29][0m   veredicto en analisis/resultados/e01-s4-20261007-181235/veredicto.txt
      S1 · 50 intrusos con aviso en ≤ 2 s y con vendedor, dispositivo y hora |     0 |       0 |      0 | NO APLICA
      S2 · ≤ 1 aviso por cada 100 cambios legítimos                          |     0 |       0 |      0 | NO APLICA
      S3 · 0 avisos en aperturas a menos de 1 s del registro                 |     0 |       0 |      0 | NO APLICA
      Todas · 0 avisos por sesiones desde el dispositivo registrado          | 10811 |   10811 |      0 | PASA
[1m[20:06:29][0m == e02-d1-20261007-181235 · E02 D1 · ¿Hay ≤ 1 falsa alarma por hora sin fallas?
[1m[20:06:36][0m   calentamiento: 300 s
[1m[20:11:36][0m   D1: 3600 s sin fallas
[1m[21:11:37][0m   gracia: 60 s para las salidas tardías
[1m[21:12:41][0m   veredicto en analisis/resultados/e02-d1-20261007-181235/veredicto.txt
      D2 · todo pedido de una etapa caída llega a la cola en ≤ 30 s                        |     0 |       0 |      0 | NO APLICA
      D3 · todo pedido congelado en una etapa viva llega a la cola en ≤ 30 s               |     0 |       0 |      0 | NO APLICA
      D1 · ≤ 1 falsa alarma por hora (episodios, D-6)                                      |     0 |       0 |      0 | PASA
      Todas · cada pedido encolado entra a la cola una sola vez (0 perdidos, 0 duplicados) |     0 |       0 |      0 | NO APLICA
[1m[21:12:41][0m == e02-d2-20261007-181235 · E02 D2 · ¿Llega a la cola en ≤ 30 s todo pedido de una etapa caída?
[1m[21:12:48][0m   calentamiento: 300 s
[1m[21:17:48][0m   D2 1/30: se mata inventario por 45 s
[1m[21:19:05][0m   D2 2/30: se mata inventario por 45 s
[1m[21:20:22][0m   D2 3/30: se mata inventario por 45 s
[1m[21:21:39][0m   D2 4/30: se mata inventario por 45 s
[1m[21:22:55][0m   D2 5/30: se mata inventario por 45 s
[1m[21:24:12][0m   D2 6/30: se mata inventario por 45 s
[1m[21:25:29][0m   D2 7/30: se mata inventario por 45 s
[1m[21:26:46][0m   D2 8/30: se mata inventario por 45 s
[1m[21:28:03][0m   D2 9/30: se mata inventario por 45 s
[1m[21:29:20][0m   D2 10/30: se mata inventario por 45 s
[1m[21:30:37][0m   D2 11/30: se mata despacho por 45 s
[1m[21:31:53][0m   D2 12/30: se mata despacho por 45 s
[1m[21:33:10][0m   D2 13/30: se mata despacho por 45 s
[1m[21:34:27][0m   D2 14/30: se mata despacho por 45 s
[1m[21:35:44][0m   D2 15/30: se mata despacho por 45 s
[1m[21:37:01][0m   D2 16/30: se mata despacho por 45 s
[1m[21:38:18][0m   D2 17/30: se mata despacho por 45 s
[1m[21:39:35][0m   D2 18/30: se mata despacho por 45 s
[1m[21:40:52][0m   D2 19/30: se mata despacho por 45 s
[1m[21:42:09][0m   D2 20/30: se mata despacho por 45 s
[1m[21:43:26][0m   D2 21/30: se mata facturacion por 45 s
[1m[21:44:43][0m   D2 22/30: se mata facturacion por 45 s
[1m[21:46:01][0m   D2 23/30: se mata facturacion por 45 s
[1m[21:47:18][0m   D2 24/30: se mata facturacion por 45 s
[1m[21:48:35][0m   D2 25/30: se mata facturacion por 45 s
[1m[21:49:52][0m   D2 26/30: se mata facturacion por 45 s
[1m[21:51:09][0m   D2 27/30: se mata facturacion por 45 s
[1m[21:52:26][0m   D2 28/30: se mata facturacion por 45 s
[1m[21:53:43][0m   D2 29/30: se mata facturacion por 45 s
[1m[21:55:00][0m   D2 30/30: se mata facturacion por 45 s
[1m[21:56:17][0m   gracia: 60 s para las salidas tardías
[1m[21:57:22][0m   veredicto en analisis/resultados/e02-d2-20261007-181235/veredicto.txt
      D2 · todo pedido de una etapa caída llega a la cola en ≤ 30 s                        |   655 |     655 |      0 | PASA
      D3 · todo pedido congelado en una etapa viva llega a la cola en ≤ 30 s               |     0 |       0 |      0 | NO APLICA
      D1 · ≤ 1 falsa alarma por hora (episodios, D-6)                                      |    30 |      30 |      0 | PASA
      Todas · cada pedido encolado entra a la cola una sola vez (0 perdidos, 0 duplicados) |   655 |     655 |      0 | PASA
[1m[21:57:22][0m == e02-d3-20261007-181235 · E02 D3 · ¿Ve el pedido congelado dentro de una etapa viva?
[1m[21:57:30][0m   calentamiento: 300 s
[1m[22:02:31][0m   D3 1/30: se congela el próximo pedido de inventario
[1m[22:03:31][0m   D3 2/30: se congela el próximo pedido de inventario
[1m[22:04:31][0m   D3 3/30: se congela el próximo pedido de inventario
[1m[22:05:31][0m   D3 4/30: se congela el próximo pedido de inventario
[1m[22:06:31][0m   D3 5/30: se congela el próximo pedido de inventario
[1m[22:07:31][0m   D3 6/30: se congela el próximo pedido de inventario
[1m[22:08:31][0m   D3 7/30: se congela el próximo pedido de inventario
[1m[22:09:31][0m   D3 8/30: se congela el próximo pedido de inventario
[1m[22:10:31][0m   D3 9/30: se congela el próximo pedido de inventario
[1m[22:11:31][0m   D3 10/30: se congela el próximo pedido de inventario
[1m[22:12:32][0m   D3 11/30: se congela el próximo pedido de facturacion
[1m[22:13:32][0m   D3 12/30: se congela el próximo pedido de facturacion
[1m[22:14:32][0m   D3 13/30: se congela el próximo pedido de facturacion
[1m[22:15:32][0m   D3 14/30: se congela el próximo pedido de facturacion
[1m[22:16:32][0m   D3 15/30: se congela el próximo pedido de facturacion
[1m[22:17:32][0m   D3 16/30: se congela el próximo pedido de facturacion
[1m[22:18:32][0m   D3 17/30: se congela el próximo pedido de facturacion
[1m[22:19:32][0m   D3 18/30: se congela el próximo pedido de facturacion
[1m[22:20:32][0m   D3 19/30: se congela el próximo pedido de facturacion
[1m[22:21:33][0m   D3 20/30: se congela el próximo pedido de facturacion
[1m[22:22:33][0m   D3 21/30: se congela el próximo pedido de despacho
[1m[22:23:33][0m   D3 22/30: se congela el próximo pedido de despacho
[1m[22:24:33][0m   D3 23/30: se congela el próximo pedido de despacho
[1m[22:25:33][0m   D3 24/30: se congela el próximo pedido de despacho
[1m[22:26:33][0m   D3 25/30: se congela el próximo pedido de despacho
[1m[22:27:33][0m   D3 26/30: se congela el próximo pedido de despacho
[1m[22:28:33][0m   D3 27/30: se congela el próximo pedido de despacho
[1m[22:29:33][0m   D3 28/30: se congela el próximo pedido de despacho
[1m[22:30:34][0m   D3 29/30: se congela el próximo pedido de despacho
[1m[22:31:34][0m   D3 30/30: se congela el próximo pedido de despacho
[1m[22:32:34][0m   gracia: 60 s para las salidas tardías
[1m[22:33:38][0m   veredicto en analisis/resultados/e02-d3-20261007-181235/veredicto.txt
      D2 · todo pedido de una etapa caída llega a la cola en ≤ 30 s                        |     0 |       0 |      0 | NO APLICA
      D3 · todo pedido congelado en una etapa viva llega a la cola en ≤ 30 s               |    30 |       0 |     30 | FALLA
      D1 · ≤ 1 falsa alarma por hora (episodios, D-6)                                      |     0 |       0 |      0 | PASA
      Todas · cada pedido encolado entra a la cola una sola vez (0 perdidos, 0 duplicados) |     0 |       0 |      0 | NO APLICA
[1m[22:33:38][0m listo. Resumen:
e01-s1-20261007-181235  decide   S1   S1 · 50 intrusos con aviso en ≤ 2 s y con vendedor, dispositivo y hora |    50 |      50 |      0 | PASA
e01-s1-20261007-181235  decide   S1   S2 · ≤ 1 aviso por cada 100 cambios legítimos                          |     0 |       0 |      0 | NO APLICA
e01-s1-20261007-181235  decide   S1   S3 · 0 avisos en aperturas a menos de 1 s del registro                 |     0 |       0 |      0 | NO APLICA
e01-s1-20261007-181235  decide   S1   Todas · 0 avisos por sesiones desde el dispositivo registrado          |  3721 |    3721 |      0 | PASA
e01-s2-20261007-181235  decide   S2   S1 · 50 intrusos con aviso en ≤ 2 s y con vendedor, dispositivo y hora |     0 |       0 |      0 | NO APLICA
e01-s2-20261007-181235  decide   S2   S2 · ≤ 1 aviso por cada 100 cambios legítimos                          |   100 |     100 |      0 | PASA
e01-s2-20261007-181235  decide   S2   S3 · 0 avisos en aperturas a menos de 1 s del registro                 |     0 |       0 |      0 | NO APLICA
e01-s2-20261007-181235  decide   S2   Todas · 0 avisos por sesiones desde el dispositivo registrado          |  2641 |    2641 |      0 | PASA
e01-s3-20261007-181235  decide   S3   S1 · 50 intrusos con aviso en ≤ 2 s y con vendedor, dispositivo y hora |     0 |       0 |      0 | NO APLICA
e01-s3-20261007-181235  decide   S3   S2 · ≤ 1 aviso por cada 100 cambios legítimos                          |     0 |       0 |      0 | NO APLICA
e01-s3-20261007-181235  decide   S3   S3 · 0 avisos en aperturas a menos de 1 s del registro                 |    20 |      20 |      0 | PASA
e01-s3-20261007-181235  decide   S3   Todas · 0 avisos por sesiones desde el dispositivo registrado          |   720 |     720 |      0 | PASA
e01-s4-20261007-181235  observa  S4   S1 · 50 intrusos con aviso en ≤ 2 s y con vendedor, dispositivo y hora |     0 |       0 |      0 | NO APLICA
e01-s4-20261007-181235  observa  S4   S2 · ≤ 1 aviso por cada 100 cambios legítimos                          |     0 |       0 |      0 | NO APLICA
e01-s4-20261007-181235  observa  S4   S3 · 0 avisos en aperturas a menos de 1 s del registro                 |     0 |       0 |      0 | NO APLICA
e01-s4-20261007-181235  observa  S4   Todas · 0 avisos por sesiones desde el dispositivo registrado          | 10811 |   10811 |      0 | PASA
e02-d1-20261007-181235  decide   D1   D2 · todo pedido de una etapa caída llega a la cola en ≤ 30 s                        |     0 |       0 |      0 | NO APLICA
e02-d1-20261007-181235  decide   D1   D3 · todo pedido congelado en una etapa viva llega a la cola en ≤ 30 s               |     0 |       0 |      0 | NO APLICA
e02-d1-20261007-181235  decide   D1   D1 · ≤ 1 falsa alarma por hora (episodios, D-6)                                      |     0 |       0 |      0 | PASA
e02-d1-20261007-181235  decide   D1   Todas · cada pedido encolado entra a la cola una sola vez (0 perdidos, 0 duplicados) |     0 |       0 |      0 | NO APLICA
e02-d2-20261007-181235  decide   D2   D2 · todo pedido de una etapa caída llega a la cola en ≤ 30 s                        |   655 |     655 |      0 | PASA
e02-d2-20261007-181235  decide   D2   D3 · todo pedido congelado en una etapa viva llega a la cola en ≤ 30 s               |     0 |       0 |      0 | NO APLICA
e02-d2-20261007-181235  decide   D2   D1 · ≤ 1 falsa alarma por hora (episodios, D-6)                                      |    30 |      30 |      0 | PASA
e02-d2-20261007-181235  decide   D2   Todas · cada pedido encolado entra a la cola una sola vez (0 perdidos, 0 duplicados) |   655 |     655 |      0 | PASA
e02-d3-20261007-181235  decide   D3   D2 · todo pedido de una etapa caída llega a la cola en ≤ 30 s                        |     0 |       0 |      0 | NO APLICA
e02-d3-20261007-181235  decide   D3   D3 · todo pedido congelado en una etapa viva llega a la cola en ≤ 30 s               |    30 |       0 |     30 | FALLA
e02-d3-20261007-181235  decide   D3   D1 · ≤ 1 falsa alarma por hora (episodios, D-6)                                      |     0 |       0 |      0 | PASA
e02-d3-20261007-181235  decide   D3   Todas · cada pedido encolado entra a la cola una sola vez (0 perdidos, 0 duplicados) |     0 |       0 |      0 | NO APLICA
