./gradlew bootJar --console=plain -q
docker compose -f deploy/docker-compose.yml build --quiet
 Image reto2/ventas Building 
 Image reto2/etapa Building 
 Image reto2/onboarding Building 
 Image reto2/monitor Building 
 Image reto2/usuario-no-valido Building 
 Image reto2/receptor Building 
 Image reto2/etapa Building 
 Image reto2/receptor Building 
 Image reto2/inyector Building 
 Image reto2/receptor Building 
 Image reto2/etapa Building 
 Image reto2/sesiones Building 
 Image reto2/etapa Built 
 Image reto2/monitor Built 
 Image reto2/receptor Built 
 Image reto2/onboarding Built 
 Image reto2/usuario-no-valido Built 
 Image reto2/etapa Built 
 Image reto2/receptor Built 
 Image reto2/etapa Built 
 Image reto2/inyector Built 
 Image reto2/ventas Built 
 Image reto2/sesiones Built 
 Image reto2/receptor Built 
docker compose -f deploy/docker-compose.yml up -d
 Container reto2-onboarding-1 Running 
 Container reto2-grafana-1 Running 
 Container reto2-sesiones-1 Running 
 Container reto2-ventas-1 Running 
 Container reto2-monitor-1 Running 
 Container reto2-usuario-no-valido-1 Running 
 Container reto2-postgres-1 Running 
 Container reto2-prometheus-1 Running 
 Container reto2-rabbitmq-1 Running 
 Container inyector Running 
 Container etapa-despacho Recreate 
 Container etapa-facturacion Recreate 
 Container etapa-inventario Recreate 
 Container reto2-logistica-1 Recreate 
 Container reto2-auditor-cola-1 Recreate 
 Container reto2-receptor-sms-1 Recreate 
 Container reto2-receptor-sms-1 Recreated 
 Container etapa-inventario Recreated 
 Container etapa-facturacion Recreated 
 Container reto2-logistica-1 Recreated 
 Container etapa-despacho Recreated 
 Container reto2-auditor-cola-1 Recreated 
 Container reto2-postgres-1 Waiting 
 Container reto2-postgres-1 Waiting 
 Container reto2-rabbitmq-1 Waiting 
 Container reto2-postgres-1 Waiting 
 Container reto2-postgres-1 Waiting 
 Container reto2-rabbitmq-1 Waiting 
 Container reto2-postgres-1 Waiting 
 Container reto2-postgres-1 Waiting 
 Container reto2-postgres-1 Waiting 
 Container reto2-postgres-1 Waiting 
 Container reto2-postgres-1 Waiting 
 Container reto2-postgres-1 Waiting 
 Container reto2-postgres-1 Waiting 
 Container reto2-postgres-1 Healthy 
 Container reto2-postgres-1 Healthy 
 Container reto2-rabbitmq-1 Healthy 
 Container reto2-postgres-1 Healthy 
 Container reto2-postgres-1 Healthy 
 Container etapa-inventario Starting 
 Container etapa-despacho Starting 
 Container reto2-postgres-1 Healthy 
 Container reto2-postgres-1 Healthy 
 Container reto2-postgres-1 Healthy 
 Container reto2-rabbitmq-1 Healthy 
 Container etapa-facturacion Starting 
 Container reto2-auditor-cola-1 Starting 
 Container reto2-postgres-1 Healthy 
 Container reto2-receptor-sms-1 Starting 
 Container reto2-postgres-1 Healthy 
 Container reto2-logistica-1 Starting 
 Container reto2-postgres-1 Healthy 
 Container reto2-postgres-1 Healthy 
 Container etapa-inventario Started 
 Container etapa-despacho Started 
 Container etapa-facturacion Started 
 Container reto2-auditor-cola-1 Started 
 Container reto2-logistica-1 Started 
 Container reto2-receptor-sms-1 Started 
esperando a los micros..... listos
Grafana precalentado
Grafana http://localhost:3000 · Prometheus http://localhost:9090 · RabbitMQ http://localhost:15672 (reto2/reto2)
./load/experimento.sh e01 e02
[1m[18:02:36][0m resultados en analisis/resultados/ · resumen en analisis/resultados/resumen-20261004-180236.tsv
[1m[18:02:36][0m == e01-s1-20261004-180236 · E01 S1 · ¿Avisa en ≤ 2 s por cada sesión desde un dispositivo no registrado?
[1m[18:02:41][0m   calentamiento: 300 s
[1m[18:07:41][0m   fase S1 en k6
[1m[18:38:42][0m   gracia: 60 s para las salidas tardías
[1m[18:39:44][0m   veredicto en analisis/resultados/e01-s1-20261004-180236/veredicto.txt
      S1 · 50 intrusos con aviso en ≤ 2 s y con vendedor, dispositivo y hora |    50 |      50 |      0 | PASA
      S2 · ≤ 1 aviso por cada 100 cambios legítimos                          |     0 |       0 |      0 | NO APLICA
      S3 · 0 avisos en aperturas a menos de 1 s del registro                 |     0 |       0 |      0 | NO APLICA
      Todas · 0 avisos por sesiones desde el dispositivo registrado          |  3720 |    3720 |      0 | PASA
[1m[18:39:44][0m == e01-s2-20261004-180236 · E01 S2 · ¿Hay ≤ 1 aviso por cada 100 cambios legítimos?
[1m[18:39:49][0m   calentamiento: 300 s
[1m[18:44:49][0m   fase S2 en k6
[1m[19:06:50][0m   gracia: 60 s para las salidas tardías
[1m[19:07:52][0m   veredicto en analisis/resultados/e01-s2-20261004-180236/veredicto.txt
      S1 · 50 intrusos con aviso en ≤ 2 s y con vendedor, dispositivo y hora |     0 |       0 |      0 | NO APLICA
      S2 · ≤ 1 aviso por cada 100 cambios legítimos                          |   100 |     100 |      0 | PASA
      S3 · 0 avisos en aperturas a menos de 1 s del registro                 |     0 |       0 |      0 | NO APLICA
      Todas · 0 avisos por sesiones desde el dispositivo registrado          |  2581 |    2581 |      0 | PASA
[1m[19:07:52][0m == e01-s3-20261004-180236 · E01 S3 · ¿Ve el registro hecho menos de 1 s antes de abrir la sesión?
[1m[19:07:57][0m   calentamiento: 300 s
[1m[19:12:57][0m   fase S3 en k6
[1m[19:18:58][0m   gracia: 60 s para las salidas tardías
[1m[19:20:00][0m   veredicto en analisis/resultados/e01-s3-20261004-180236/veredicto.txt
      S1 · 50 intrusos con aviso en ≤ 2 s y con vendedor, dispositivo y hora |     0 |       0 |      0 | NO APLICA
      S2 · ≤ 1 aviso por cada 100 cambios legítimos                          |     0 |       0 |      0 | NO APLICA
      S3 · 0 avisos en aperturas a menos de 1 s del registro                 |    20 |      20 |      0 | PASA
      Todas · 0 avisos por sesiones desde el dispositivo registrado          |   720 |     720 |      0 | PASA
[1m[19:20:00][0m == e01-s4-20261004-180236 · E01 S4 · ¿A qué tasa de aperturas empieza a atrasarse el aviso?
[1m[19:20:04][0m   calentamiento: 300 s
[1m[19:25:05][0m   fase S4 en k6
[1m[19:55:09][0m   gracia: 60 s para las salidas tardías
[1m[19:56:11][0m   veredicto en analisis/resultados/e01-s4-20261004-180236/veredicto.txt
      S1 · 50 intrusos con aviso en ≤ 2 s y con vendedor, dispositivo y hora |     0 |       0 |      0 | NO APLICA
      S2 · ≤ 1 aviso por cada 100 cambios legítimos                          |     0 |       0 |      0 | NO APLICA
      S3 · 0 avisos en aperturas a menos de 1 s del registro                 |     0 |       0 |      0 | NO APLICA
      Todas · 0 avisos por sesiones desde el dispositivo registrado          | 10811 |   10811 |      0 | PASA
[1m[19:56:11][0m == e02-d1-20261004-180236 · E02 D1 · ¿Hay ≤ 1 falsa alarma por hora sin fallas?
[1m[19:56:15][0m   calentamiento: 300 s
[1m[20:01:16][0m   D1: 3600 s sin fallas
[1m[21:01:16][0m   gracia: 60 s para las salidas tardías
[1m[21:02:19][0m   veredicto en analisis/resultados/e02-d1-20261004-180236/veredicto.txt
      D2 · todo pedido de una etapa caída llega a la cola en ≤ 30 s                        |     0 |       0 |      0 | NO APLICA
      D3 · todo pedido congelado en una etapa viva llega a la cola en ≤ 30 s               |     0 |       0 |      0 | NO APLICA
      D1 · ≤ 1 falsa alarma por hora (episodios, D-6)                                      |     0 |       0 |      0 | PASA
      Todas · cada pedido encolado entra a la cola una sola vez (0 perdidos, 0 duplicados) |     0 |       0 |      0 | NO APLICA
[1m[21:02:19][0m == e02-d2-20261004-180236 · E02 D2 · ¿Llega a la cola en ≤ 30 s todo pedido de una etapa caída?
[1m[21:02:23][0m   calentamiento: 300 s
[1m[21:07:24][0m   D2 1/30: se mata inventario por 45 s
[1m[21:08:41][0m   D2 2/30: se mata inventario por 45 s
[1m[21:09:58][0m   D2 3/30: se mata inventario por 45 s
[1m[21:11:15][0m   D2 4/30: se mata inventario por 45 s
[1m[21:12:32][0m   D2 5/30: se mata inventario por 45 s
[1m[21:13:49][0m   D2 6/30: se mata inventario por 45 s
[1m[21:15:06][0m   D2 7/30: se mata inventario por 45 s
[1m[21:16:23][0m   D2 8/30: se mata inventario por 45 s
[1m[21:17:40][0m   D2 9/30: se mata inventario por 45 s
[1m[21:18:57][0m   D2 10/30: se mata inventario por 45 s
[1m[21:20:14][0m   D2 11/30: se mata despacho por 45 s
[1m[21:21:32][0m   D2 12/30: se mata despacho por 45 s
[1m[21:22:49][0m   D2 13/30: se mata despacho por 45 s
[1m[21:24:06][0m   D2 14/30: se mata despacho por 45 s
[1m[21:25:23][0m   D2 15/30: se mata despacho por 45 s
[1m[21:26:40][0m   D2 16/30: se mata despacho por 45 s
[1m[21:27:57][0m   D2 17/30: se mata despacho por 45 s
[1m[21:29:14][0m   D2 18/30: se mata despacho por 45 s
[1m[21:30:31][0m   D2 19/30: se mata despacho por 45 s
[1m[21:31:48][0m   D2 20/30: se mata despacho por 45 s
[1m[21:33:05][0m   D2 21/30: se mata facturacion por 45 s
[1m[21:34:23][0m   D2 22/30: se mata facturacion por 45 s
[1m[21:35:40][0m   D2 23/30: se mata facturacion por 45 s
[1m[21:36:57][0m   D2 24/30: se mata facturacion por 45 s
[1m[21:38:14][0m   D2 25/30: se mata facturacion por 45 s
[1m[21:39:31][0m   D2 26/30: se mata facturacion por 45 s
[1m[21:40:48][0m   D2 27/30: se mata facturacion por 45 s
[1m[21:42:06][0m   D2 28/30: se mata facturacion por 45 s
[1m[21:43:23][0m   D2 29/30: se mata facturacion por 45 s
[1m[21:44:40][0m   D2 30/30: se mata facturacion por 45 s
[1m[21:45:58][0m   gracia: 60 s para las salidas tardías
[1m[21:47:00][0m   veredicto en analisis/resultados/e02-d2-20261004-180236/veredicto.txt
      D2 · todo pedido de una etapa caída llega a la cola en ≤ 30 s                        |  1522 |    1513 |      9 | FALLA
      D3 · todo pedido congelado en una etapa viva llega a la cola en ≤ 30 s               |     0 |       0 |      0 | NO APLICA
      D1 · ≤ 1 falsa alarma por hora (episodios, D-6)                                      |    30 |      30 |      0 | PASA
      Todas · cada pedido encolado entra a la cola una sola vez (0 perdidos, 0 duplicados) |  1522 |    1522 |      0 | PASA
[1m[21:47:00][0m == e02-d3-20261004-180236 · E02 D3 · ¿Ve el pedido congelado dentro de una etapa viva?
[1m[21:47:05][0m   calentamiento: 300 s
[1m[21:52:06][0m   D3 1/30: se congela el próximo pedido de facturacion
[1m[21:53:06][0m   D3 2/30: se congela el próximo pedido de facturacion
[1m[21:54:06][0m   D3 3/30: se congela el próximo pedido de facturacion
[1m[21:55:06][0m   D3 4/30: se congela el próximo pedido de facturacion
[1m[21:56:06][0m   D3 5/30: se congela el próximo pedido de facturacion
[1m[21:57:06][0m   D3 6/30: se congela el próximo pedido de facturacion
[1m[21:58:06][0m   D3 7/30: se congela el próximo pedido de facturacion
[1m[21:59:06][0m   D3 8/30: se congela el próximo pedido de facturacion
[1m[22:00:07][0m   D3 9/30: se congela el próximo pedido de facturacion
[1m[22:01:07][0m   D3 10/30: se congela el próximo pedido de facturacion
[1m[22:02:07][0m   D3 11/30: se congela el próximo pedido de despacho
[1m[22:03:07][0m   D3 12/30: se congela el próximo pedido de despacho
[1m[22:04:07][0m   D3 13/30: se congela el próximo pedido de despacho
[1m[22:05:07][0m   D3 14/30: se congela el próximo pedido de despacho
[1m[22:06:07][0m   D3 15/30: se congela el próximo pedido de despacho
[1m[22:07:07][0m   D3 16/30: se congela el próximo pedido de despacho
[1m[22:08:07][0m   D3 17/30: se congela el próximo pedido de despacho
[1m[22:09:07][0m   D3 18/30: se congela el próximo pedido de despacho
[1m[22:10:08][0m   D3 19/30: se congela el próximo pedido de despacho
[1m[22:11:08][0m   D3 20/30: se congela el próximo pedido de despacho
[1m[22:12:08][0m   D3 21/30: se congela el próximo pedido de inventario
[1m[22:13:08][0m   D3 22/30: se congela el próximo pedido de inventario
[1m[22:14:08][0m   D3 23/30: se congela el próximo pedido de inventario
[1m[22:15:08][0m   D3 24/30: se congela el próximo pedido de inventario
[1m[22:16:08][0m   D3 25/30: se congela el próximo pedido de inventario
[1m[22:17:08][0m   D3 26/30: se congela el próximo pedido de inventario
[1m[22:18:08][0m   D3 27/30: se congela el próximo pedido de inventario
[1m[22:19:09][0m   D3 28/30: se congela el próximo pedido de inventario
[1m[22:20:09][0m   D3 29/30: se congela el próximo pedido de inventario
[1m[22:21:09][0m   D3 30/30: se congela el próximo pedido de inventario
[1m[22:22:09][0m   gracia: 60 s para las salidas tardías
[1m[22:23:11][0m   veredicto en analisis/resultados/e02-d3-20261004-180236/veredicto.txt
      D2 · todo pedido de una etapa caída llega a la cola en ≤ 30 s                        |     0 |       0 |      0 | NO APLICA
      D3 · todo pedido congelado en una etapa viva llega a la cola en ≤ 30 s               |    30 |       0 |     30 | FALLA
      D1 · ≤ 1 falsa alarma por hora (episodios, D-6)                                      |     0 |       0 |      0 | PASA
      Todas · cada pedido encolado entra a la cola una sola vez (0 perdidos, 0 duplicados) |     0 |       0 |      0 | NO APLICA
[1m[22:23:11][0m listo. Resumen:
e01-s1-20261004-180236  decide   S1   S1 · 50 intrusos con aviso en ≤ 2 s y con vendedor, dispositivo y hora |    50 |      50 |      0 | PASA
e01-s1-20261004-180236  decide   S1   S2 · ≤ 1 aviso por cada 100 cambios legítimos                          |     0 |       0 |      0 | NO APLICA
e01-s1-20261004-180236  decide   S1   S3 · 0 avisos en aperturas a menos de 1 s del registro                 |     0 |       0 |      0 | NO APLICA
e01-s1-20261004-180236  decide   S1   Todas · 0 avisos por sesiones desde el dispositivo registrado          |  3720 |    3720 |      0 | PASA
e01-s2-20261004-180236  decide   S2   S1 · 50 intrusos con aviso en ≤ 2 s y con vendedor, dispositivo y hora |     0 |       0 |      0 | NO APLICA
e01-s2-20261004-180236  decide   S2   S2 · ≤ 1 aviso por cada 100 cambios legítimos                          |   100 |     100 |      0 | PASA
e01-s2-20261004-180236  decide   S2   S3 · 0 avisos en aperturas a menos de 1 s del registro                 |     0 |       0 |      0 | NO APLICA
e01-s2-20261004-180236  decide   S2   Todas · 0 avisos por sesiones desde el dispositivo registrado          |  2581 |    2581 |      0 | PASA
e01-s3-20261004-180236  decide   S3   S1 · 50 intrusos con aviso en ≤ 2 s y con vendedor, dispositivo y hora |     0 |       0 |      0 | NO APLICA
e01-s3-20261004-180236  decide   S3   S2 · ≤ 1 aviso por cada 100 cambios legítimos                          |     0 |       0 |      0 | NO APLICA
e01-s3-20261004-180236  decide   S3   S3 · 0 avisos en aperturas a menos de 1 s del registro                 |    20 |      20 |      0 | PASA
e01-s3-20261004-180236  decide   S3   Todas · 0 avisos por sesiones desde el dispositivo registrado          |   720 |     720 |      0 | PASA
e01-s4-20261004-180236  observa  S4   S1 · 50 intrusos con aviso en ≤ 2 s y con vendedor, dispositivo y hora |     0 |       0 |      0 | NO APLICA
e01-s4-20261004-180236  observa  S4   S2 · ≤ 1 aviso por cada 100 cambios legítimos                          |     0 |       0 |      0 | NO APLICA
e01-s4-20261004-180236  observa  S4   S3 · 0 avisos en aperturas a menos de 1 s del registro                 |     0 |       0 |      0 | NO APLICA
e01-s4-20261004-180236  observa  S4   Todas · 0 avisos por sesiones desde el dispositivo registrado          | 10811 |   10811 |      0 | PASA
e02-d1-20261004-180236  decide   D1   D2 · todo pedido de una etapa caída llega a la cola en ≤ 30 s                        |     0 |       0 |      0 | NO APLICA
e02-d1-20261004-180236  decide   D1   D3 · todo pedido congelado en una etapa viva llega a la cola en ≤ 30 s               |     0 |       0 |      0 | NO APLICA
e02-d1-20261004-180236  decide   D1   D1 · ≤ 1 falsa alarma por hora (episodios, D-6)                                      |     0 |       0 |      0 | PASA
e02-d1-20261004-180236  decide   D1   Todas · cada pedido encolado entra a la cola una sola vez (0 perdidos, 0 duplicados) |     0 |       0 |      0 | NO APLICA
e02-d2-20261004-180236  decide   D2   D2 · todo pedido de una etapa caída llega a la cola en ≤ 30 s                        |  1522 |    1513 |      9 | FALLA
e02-d2-20261004-180236  decide   D2   D3 · todo pedido congelado en una etapa viva llega a la cola en ≤ 30 s               |     0 |       0 |      0 | NO APLICA
e02-d2-20261004-180236  decide   D2   D1 · ≤ 1 falsa alarma por hora (episodios, D-6)                                      |    30 |      30 |      0 | PASA
e02-d2-20261004-180236  decide   D2   Todas · cada pedido encolado entra a la cola una sola vez (0 perdidos, 0 duplicados) |  1522 |    1522 |      0 | PASA
e02-d3-20261004-180236  decide   D3   D2 · todo pedido de una etapa caída llega a la cola en ≤ 30 s                        |     0 |       0 |      0 | NO APLICA
e02-d3-20261004-180236  decide   D3   D3 · todo pedido congelado en una etapa viva llega a la cola en ≤ 30 s               |    30 |       0 |     30 | FALLA
e02-d3-20261004-180236  decide   D3   D1 · ≤ 1 falsa alarma por hora (episodios, D-6)                                      |     0 |       0 |      0 | PASA
e02-d3-20261004-180236  decide   D3   Todas · cada pedido encolado entra a la cola una sola vez (0 perdidos, 0 duplicados) |     0 |       0 |      0 | NO APLICA
